
Discarded input sections

 .comment       0x0000000000000000       0x35 main.o

Memory Configuration

Name             Origin             Length             Attributes
init             0x0000000000000000 0x0000000000000100 xr
rom              0x0000000000000100 0x0000000000003f00 xr
ram              0x0000000000004000 0x0000000000004000 !xr
*default*        0x0000000000000000 0xffffffffffffffff

Linker script and memory map

                0x0000000000000000                __DYNAMIC = 0x0

.init           0x0000000000000000       0x80
 *(.init)
 .init          0x0000000000000000       0x80 test.o

.text           0x0000000000000100       0xfa
 *(.text*)
 .text          0x0000000000000100       0xe0 test.o
                0x0000000000000100                _start
 .text          0x00000000000001e0       0x1a main.o
                0x00000000000001e0                main
                0x00000000000001fa                _etext = .

.bss            0x0000000000004000        0x0
                0x0000000000004000                . = ALIGN (0x4)
                0x0000000000004000                _sbss = .
 *(.bss*)
 .bss           0x0000000000004000        0x0 test.o
 .bss           0x0000000000004000        0x0 main.o
 *(COMMON)
                0x0000000000004000                . = ALIGN (0x4)
                0x0000000000004000                _ebss = .

.data           0x0000000000004000        0x0 load address 0x00000000000001fa
                0x0000000000004000                . = ALIGN (0x4)
                0x0000000000004000                _sdata = .
 *(.data*)
 .data          0x0000000000004000        0x0 test.o
 .data          0x0000000000004000        0x0 main.o
                0x0000000000004000                . = ALIGN (0x4)
                0x0000000000004000                _edata = .

/DISCARD/
 *(.comment)
LOAD test.o
LOAD main.o
LOAD /usr/lib/gcc/m68k-linux-gnu/10/libgcc.a
OUTPUT(test elf32-m68k)

.note.GNU-stack
                0x0000000000000000        0x0
 .note.GNU-stack
                0x0000000000000000        0x0 main.o
